// Jest Snapshot v1, https://goo.gl/fbAQLP

exports[`TrackList component renders TrackList 1`] = `<ol />`;
