// Jest Snapshot v1, https://goo.gl/fbAQLP

exports[`Song component renders Song 1`] = `
<Fragment>
  <h3>
    Song Title
  </h3>
  <p>
    No Lyrics Found
  </p>
</Fragment>
`;
